<?xml version="1.0" encoding="utf-8"?><testsuites><testsuite name="pytest" errors="0" failures="0" skipped="0" tests="6" time="0.748" timestamp="2025-04-04T16:58:28.941819-07:00" hostname="barberb-Hyper-V-UEFI-Release-v4-1"><testcase classname="test.test_provenance.TestProvenanceTracker" name="test_extract_relationships_from_metadata" time="0.002" /><testcase classname="test.test_provenance.TestProvenanceTracker" name="test_generate_provenance_graph" time="0.002" /><testcase classname="test.test_provenance.TestProvenanceTracker" name="test_initialization" time="0.001" /><testcase classname="test.test_provenance.TestProvenanceTracker" name="test_model_base_relationships" time="0.001" /><testcase classname="test.test_provenance.TestProvenanceTracker" name="test_model_dataset_relationships" time="0.001" /><testcase classname="test.test_provenance.TestProvenanceTracker" name="test_space_entity_relationships" time="0.001" /></testsuite></testsuites>